
=== Новая игра начата: Thu Dec 25 14:47:55 MSK 2025 ===
Загрузка словаря из файла: dictionary.txt
КРИТИЧЕСКАЯ ОШИБКА: Не удалось прочитать файл словаря: dictionary.txt
=== Игра завершена ===


=== Новая игра начата: Thu Dec 25 14:52:50 MSK 2025 ===
Загрузка словаря из файла: words_ru.txt
Прочитано 67774 строк из словаря.
Уникальные буквы в словаре: [р, с, т, у, ф, х, ц, ч, ш, щ, ъ, ы, ь, э, ю, я, а, б, в, г, д, е, ж, з, и, й, к, л, м, н, о, п]
Словарь обработан. Подходящих слов: 4145
Загадано слово: звено
Пользовательская ошибка: Некорректное слово: "собака". Оно должно состоять из 5 русских букв.
Пользовательская ошибка: Слово "омуви" отсутствует в словаре.

=== Новая игра начата: Thu Dec 25 15:30:28 MSK 2025 ===
Загрузка словаря из файла: words_ru.txt
Прочитано 67774 строк из словаря.
Уникальные буквы в словаре: [р, с, т, у, ф, х, ц, ч, ш, щ, ъ, ы, ь, э, ю, я, а, б, в, г, д, е, ж, з, и, й, к, л, м, н, о, п]
Словарь обработан. Подходящих слов: 4145
Загадано слово: кража
Пользовательская ошибка: Слово "крена" отсутствует в словаре.
Пользовательская ошибка: Слово "крепа" отсутствует в словаре.
Пользовательская ошибка: Слово "крета" отсутствует в словаре.
Пользовательская ошибка: Слово "крема" отсутствует в словаре.
Пользовательская ошибка: Слово "креда" отсутствует в словаре.
Пользовательская ошибка: Слово "крона" отсутствует в словаре.
Пользовательская ошибка: Слово "крупа" отсутствует в словаре.
Пользовательская ошибка: Слово "крыса" отсутствует в словаре.
=== Игра завершена ===

